
[1m[46m RUN [49m[22m [36mv4.0.18 [39m[90mR:/绾㈣壊缃戠珯鈥斺€擜I鏁欒偛/Agent_鏄熺伀AI鏁欒偛绔?[39m

[90mstdout[2m | src/__tests__/ChatInterface.test.tsx[2m > [22m[2mChatInterface[2m > [22m[2mshould fallback to llama3-70b-8192 when primary model returns 403
[22m[39mhandleSend triggered. Input: Test Message Loading: [33mfalse[39m
[Groq] Attempting call with model: openai/gpt-oss-120b
Called times: [33m1[39m
Calls: [
  [
    {
      "messages": [
        {
          "role": "system",
          "content": "璇蜂娇鐢∕arkdown鏍煎紡杩斿洖锛屽寘鍚姞绮楃殑灏忔爣棰樸€?
        },
        {
          "role": "user",
          "content": "Test Message"
        }
      ],
      "model": "openai/gpt-oss-120b",
      "temperature": 1,
      "max_completion_tokens": 1024,
      "top_p": 1,
      "stream": false,
      "stop": null,
      "reasoning_effort": "medium"
    }
  ]
]

.\node_modules\.bin\vitest.cmd : [90mstderr[2m | src/__tests__/ChatInterface.test.tsx[2
m > [22m[2mChatInterface[2m > [22m[2mshould fallback to llama3-70b-8192 when primary 
model returns 403
所在位置 行:1 字符: 1
+ .\node_modules\.bin\vitest.cmd run > test_output.txt 2>&1
+ ~~~~~~~~~~~~~~~~~~~~~~~~~~~~~~~~~~~~~~~~~~~~~~~~~~~~~~~~~
    + CategoryInfo          : NotSpecified: ([90mstderr[2m...del returns 403:String) [] 
   , RemoteException
    + FullyQualifiedErrorId : NativeCommandError
 
[22m[39m[Groq] Primary Model Failed. Details: {
  timestamp: [32m'2026-02-04T08:09:38.280Z'[39m,
  status: [33m403[39m,
  code: [32m'forbidden'[39m,
  message: [32m'Forbidden'[39m,
  type: [90mundefined[39m,
  model: [32m'openai/gpt-oss-120b'[39m,
  requestId: [32m'req_123'[39m
}
[Groq] Initiating fallback to llama3-70b-8192...

 [32m鉁?[39m src/__tests__/ChatInterface.test.tsx [2m([22m[2m2 tests[22m[2m)[22m[32m 136[2mms[22m[39m

[2m Test Files [22m [1m[32m1 passed[39m[22m[90m (1)[39m
[2m      Tests [22m [1m[32m2 passed[39m[22m[90m (2)[39m
[2m   Start at [22m 16:09:37
[2m   Duration [22m 1.24s[2m (transform 281ms, setup 0ms, import 465ms, tests 136ms, environment 531ms)[22m

